[samfaipath] build FASTA index...
[M::mm_idx_gen::0.101*1.01] collected minimizers
[M::mm_idx_gen::0.121*2.00] sorted minimizers
[M::main::0.121*2.00] loaded/built the index for 16 target sequence(s)
[M::mm_mapopt_update::0.140*1.86] mid_occ = 12
[M::mm_idx_stat] kmer size: 15; skip: 10; is_hpc: 0; #seq: 16
[M::mm_idx_stat::0.155*1.78] distinct minimizers: 865196 (98.11% are singletons); average occurrences: 1.033; average spacing: 5.351; total length: 4784443
[M::worker_pipeline::0.519*2.52] mapped 16 sequences
[M::main] Version: 2.18-r1015
[M::main] CMD: flye-minimap2 -x map-ont -t 8 -a -p 0.5 -N 10 --sam-hit-only -L -K 1G -z 1000 -Q --secondary-seq -I 64G /tmp/assembly_results/40-polishing/filtered_contigs.fasta /tmp/assembly_results/30-contigger/graph_final.fasta
[M::main] Real time: 0.531 sec; CPU: 1.323 sec; Peak RSS: 0.133 GB
